CMakeFiles/controller.dir/src/controller.cpp.o: In function `main':
controller.cpp:(.text+0x70): undefined reference to `ros::init(int&, char**, std::__cxx11::basic_string<char, std::char_traits<char>, std::allocator<char> > const&, unsigned int)'
controller.cpp:(.text+0xa2): undefined reference to `ros::spin()'
CMakeFiles/controller.dir/src/controller.cpp.o: In function `controller::controller()':
controller.cpp:(.text._ZN10controllerC2Ev[_ZN10controllerC5Ev]+0x5a): undefined reference to `ros::NodeHandle::NodeHandle(std::__cxx11::basic_string<char, std::char_traits<char>, std::allocator<char> > const&, std::map<std::__cxx11::basic_string<char, std::char_traits<char>, std::allocator<char> >, std::__cxx11::basic_string<char, std::char_traits<char>, std::allocator<char> >, std::less<std::__cxx11::basic_string<char, std::char_traits<char>, std::allocator<char> > >, std::allocator<std::pair<std::__cxx11::basic_string<char, std::char_traits<char>, std::allocator<char> > const, std::__cxx11::basic_string<char, std::char_traits<char>, std::allocator<char> > > > > const&)'
controller.cpp:(.text._ZN10controllerC2Ev[_ZN10controllerC5Ev]+0x15e): undefined reference to `ros::Subscriber::~Subscriber()'
controller.cpp:(.text._ZN10controllerC2Ev[_ZN10controllerC5Ev]+0x203): undefined reference to `ros::Publisher::~Publisher()'
controller.cpp:(.text._ZN10controllerC2Ev[_ZN10controllerC5Ev]+0x277): undefined reference to `ros::Subscriber::~Subscriber()'
controller.cpp:(.text._ZN10controllerC2Ev[_ZN10controllerC5Ev]+0x2bf): undefined reference to `ros::Publisher::~Publisher()'
controller.cpp:(.text._ZN10controllerC2Ev[_ZN10controllerC5Ev]+0x2fe): undefined reference to `ros::Publisher::~Publisher()'
controller.cpp:(.text._ZN10controllerC2Ev[_ZN10controllerC5Ev]+0x318): undefined reference to `ros::Subscriber::~Subscriber()'
controller.cpp:(.text._ZN10controllerC2Ev[_ZN10controllerC5Ev]+0x32c): undefined reference to `ros::NodeHandle::~NodeHandle()'
CMakeFiles/controller.dir/src/controller.cpp.o: In function `controller::callback(boost::shared_ptr<std_msgs::Int32_<std::allocator<void> > const> const&)':
controller.cpp:(.text._ZN10controller8callbackERKN5boost10shared_ptrIKN8std_msgs6Int32_ISaIvEEEEE[_ZN10controller8callbackERKN5boost10shared_ptrIKN8std_msgs6Int32_ISaIvEEEEE]+0x88): undefined reference to `ros::spinOnce()'
CMakeFiles/controller.dir/src/controller.cpp.o: In function `controller::~controller()':
controller.cpp:(.text._ZN10controllerD2Ev[_ZN10controllerD5Ev]+0x1b): undefined reference to `ros::Publisher::~Publisher()'
controller.cpp:(.text._ZN10controllerD2Ev[_ZN10controllerD5Ev]+0x2d): undefined reference to `ros::Subscriber::~Subscriber()'
controller.cpp:(.text._ZN10controllerD2Ev[_ZN10controllerD5Ev]+0x39): undefined reference to `ros::NodeHandle::~NodeHandle()'
controller.cpp:(.text._ZN10controllerD2Ev[_ZN10controllerD5Ev]+0x50): undefined reference to `ros::Subscriber::~Subscriber()'
controller.cpp:(.text._ZN10controllerD2Ev[_ZN10controllerD5Ev]+0x61): undefined reference to `ros::NodeHandle::~NodeHandle()'
CMakeFiles/controller.dir/src/controller.cpp.o: In function `ros::Subscriber ros::NodeHandle::subscribe<std_msgs::Int32_<std::allocator<void> >, controller>(std::__cxx11::basic_string<char, std::char_traits<char>, std::allocator<char> > const&, unsigned int, void (controller::*)(boost::shared_ptr<std_msgs::Int32_<std::allocator<void> > const> const&), controller*, ros::TransportHints const&)':
controller.cpp:(.text._ZN3ros10NodeHandle9subscribeIN8std_msgs6Int32_ISaIvEEE10controllerEENS_10SubscriberERKNSt7__cxx1112basic_stringIcSt11char_traitsIcESaIcEEEjMT0_FvRKN5boost10shared_ptrIKT_EEEPSG_RKNS_14TransportHintsE[_ZN3ros10NodeHandle9subscribeIN8std_msgs6Int32_ISaIvEEE10controllerEENS_10SubscriberERKNSt7__cxx1112basic_stringIcSt11char_traitsIcESaIcEEEjMT0_FvRKN5boost10shared_ptrIKT_EEEPSG_RKNS_14TransportHintsE]+0x16b): undefined reference to `ros::NodeHandle::subscribe(ros::SubscribeOptions&)'
CMakeFiles/controller.dir/src/controller.cpp.o: In function `ros::Publisher ros::NodeHandle::advertise<std_msgs::Int32_<std::allocator<void> > >(std::__cxx11::basic_string<char, std::char_traits<char>, std::allocator<char> > const&, unsigned int, bool)':
controller.cpp:(.text._ZN3ros10NodeHandle9advertiseIN8std_msgs6Int32_ISaIvEEEEENS_9PublisherERKNSt7__cxx1112basic_stringIcSt11char_traitsIcESaIcEEEjb[_ZN3ros10NodeHandle9advertiseIN8std_msgs6Int32_ISaIvEEEEENS_9PublisherERKNSt7__cxx1112basic_stringIcSt11char_traitsIcESaIcEEEjb]+0xdd): undefined reference to `ros::NodeHandle::advertise(ros::AdvertiseOptions&)'
CMakeFiles/controller.dir/src/controller.cpp.o: In function `void ros::Publisher::publish<std_msgs::Int32_<std::allocator<void> > >(std_msgs::Int32_<std::allocator<void> > const&) const':
controller.cpp:(.text._ZNK3ros9Publisher7publishIN8std_msgs6Int32_ISaIvEEEEEvRKT_[_ZNK3ros9Publisher7publishIN8std_msgs6Int32_ISaIvEEEEEvRKT_]+0x47): undefined reference to `ros::console::g_initialized'
controller.cpp:(.text._ZNK3ros9Publisher7publishIN8std_msgs6Int32_ISaIvEEEEEvRKT_[_ZNK3ros9Publisher7publishIN8std_msgs6Int32_ISaIvEEEEEvRKT_]+0x57): undefined reference to `ros::console::initialize()'
controller.cpp:(.text._ZNK3ros9Publisher7publishIN8std_msgs6Int32_ISaIvEEEEEvRKT_[_ZNK3ros9Publisher7publishIN8std_msgs6Int32_ISaIvEEEEEvRKT_]+0xa6): undefined reference to `ros::console::initializeLogLocation(ros::console::LogLocation*, std::__cxx11::basic_string<char, std::char_traits<char>, std::allocator<char> > const&, ros::console::levels::Level)'
controller.cpp:(.text._ZNK3ros9Publisher7publishIN8std_msgs6Int32_ISaIvEEEEEvRKT_[_ZNK3ros9Publisher7publishIN8std_msgs6Int32_ISaIvEEEEEvRKT_]+0xe4): undefined reference to `ros::console::setLogLocationLevel(ros::console::LogLocation*, ros::console::levels::Level)'
controller.cpp:(.text._ZNK3ros9Publisher7publishIN8std_msgs6Int32_ISaIvEEEEEvRKT_[_ZNK3ros9Publisher7publishIN8std_msgs6Int32_ISaIvEEEEEvRKT_]+0xee): undefined reference to `ros::console::checkLogLocationEnabled(ros::console::LogLocation*)'
controller.cpp:(.text._ZNK3ros9Publisher7publishIN8std_msgs6Int32_ISaIvEEEEEvRKT_[_ZNK3ros9Publisher7publishIN8std_msgs6Int32_ISaIvEEEEEvRKT_]+0x148): undefined reference to `ros::console::print(ros::console::FilterBase*, void*, ros::console::levels::Level, char const*, int, char const*, char const*, ...)'
controller.cpp:(.text._ZNK3ros9Publisher7publishIN8std_msgs6Int32_ISaIvEEEEEvRKT_[_ZNK3ros9Publisher7publishIN8std_msgs6Int32_ISaIvEEEEEvRKT_]+0x153): undefined reference to `ros::console::g_initialized'
controller.cpp:(.text._ZNK3ros9Publisher7publishIN8std_msgs6Int32_ISaIvEEEEEvRKT_[_ZNK3ros9Publisher7publishIN8std_msgs6Int32_ISaIvEEEEEvRKT_]+0x163): undefined reference to `ros::console::initialize()'
controller.cpp:(.text._ZNK3ros9Publisher7publishIN8std_msgs6Int32_ISaIvEEEEEvRKT_[_ZNK3ros9Publisher7publishIN8std_msgs6Int32_ISaIvEEEEEvRKT_]+0x1b2): undefined reference to `ros::console::initializeLogLocation(ros::console::LogLocation*, std::__cxx11::basic_string<char, std::char_traits<char>, std::allocator<char> > const&, ros::console::levels::Level)'
controller.cpp:(.text._ZNK3ros9Publisher7publishIN8std_msgs6Int32_ISaIvEEEEEvRKT_[_ZNK3ros9Publisher7publishIN8std_msgs6Int32_ISaIvEEEEEvRKT_]+0x1f0): undefined reference to `ros::console::setLogLocationLevel(ros::console::LogLocation*, ros::console::levels::Level)'
controller.cpp:(.text._ZNK3ros9Publisher7publishIN8std_msgs6Int32_ISaIvEEEEEvRKT_[_ZNK3ros9Publisher7publishIN8std_msgs6Int32_ISaIvEEEEEvRKT_]+0x1fa): undefined reference to `ros::console::checkLogLocationEnabled(ros::console::LogLocation*)'
controller.cpp:(.text._ZNK3ros9Publisher7publishIN8std_msgs6Int32_ISaIvEEEEEvRKT_[_ZNK3ros9Publisher7publishIN8std_msgs6Int32_ISaIvEEEEEvRKT_]+0x24c): undefined reference to `ros::console::print(ros::console::FilterBase*, void*, ros::console::levels::Level, char const*, int, char const*, char const*, ...)'
controller.cpp:(.text._ZNK3ros9Publisher7publishIN8std_msgs6Int32_ISaIvEEEEEvRKT_[_ZNK3ros9Publisher7publishIN8std_msgs6Int32_ISaIvEEEEEvRKT_]+0x257): undefined reference to `ros::console::g_initialized'
controller.cpp:(.text._ZNK3ros9Publisher7publishIN8std_msgs6Int32_ISaIvEEEEEvRKT_[_ZNK3ros9Publisher7publishIN8std_msgs6Int32_ISaIvEEEEEvRKT_]+0x267): undefined reference to `ros::console::initialize()'
controller.cpp:(.text._ZNK3ros9Publisher7publishIN8std_msgs6Int32_ISaIvEEEEEvRKT_[_ZNK3ros9Publisher7publishIN8std_msgs6Int32_ISaIvEEEEEvRKT_]+0x2b6): undefined reference to `ros::console::initializeLogLocation(ros::console::LogLocation*, std::__cxx11::basic_string<char, std::char_traits<char>, std::allocator<char> > const&, ros::console::levels::Level)'
controller.cpp:(.text._ZNK3ros9Publisher7publishIN8std_msgs6Int32_ISaIvEEEEEvRKT_[_ZNK3ros9Publisher7publishIN8std_msgs6Int32_ISaIvEEEEEvRKT_]+0x2f4): undefined reference to `ros::console::setLogLocationLevel(ros::console::LogLocation*, ros::console::levels::Level)'
controller.cpp:(.text._ZNK3ros9Publisher7publishIN8std_msgs6Int32_ISaIvEEEEEvRKT_[_ZNK3ros9Publisher7publishIN8std_msgs6Int32_ISaIvEEEEEvRKT_]+0x2fe): undefined reference to `ros::console::checkLogLocationEnabled(ros::console::LogLocation*)'
controller.cpp:(.text._ZNK3ros9Publisher7publishIN8std_msgs6Int32_ISaIvEEEEEvRKT_[_ZNK3ros9Publisher7publishIN8std_msgs6Int32_ISaIvEEEEEvRKT_]+0x350): undefined reference to `ros::console::print(ros::console::FilterBase*, void*, ros::console::levels::Level, char const*, int, char const*, char const*, ...)'
controller.cpp:(.text._ZNK3ros9Publisher7publishIN8std_msgs6Int32_ISaIvEEEEEvRKT_[_ZNK3ros9Publisher7publishIN8std_msgs6Int32_ISaIvEEEEEvRKT_]+0x371): undefined reference to `ros::Publisher::Impl::isValid() const'
controller.cpp:(.text._ZNK3ros9Publisher7publishIN8std_msgs6Int32_ISaIvEEEEEvRKT_[_ZNK3ros9Publisher7publishIN8std_msgs6Int32_ISaIvEEEEEvRKT_]+0x383): undefined reference to `ros::console::g_initialized'
controller.cpp:(.text._ZNK3ros9Publisher7publishIN8std_msgs6Int32_ISaIvEEEEEvRKT_[_ZNK3ros9Publisher7publishIN8std_msgs6Int32_ISaIvEEEEEvRKT_]+0x393): undefined reference to `ros::console::initialize()'
controller.cpp:(.text._ZNK3ros9Publisher7publishIN8std_msgs6Int32_ISaIvEEEEEvRKT_[_ZNK3ros9Publisher7publishIN8std_msgs6Int32_ISaIvEEEEEvRKT_]+0x3e2): undefined reference to `ros::console::initializeLogLocation(ros::console::LogLocation*, std::__cxx11::basic_string<char, std::char_traits<char>, std::allocator<char> > const&, ros::console::levels::Level)'
controller.cpp:(.text._ZNK3ros9Publisher7publishIN8std_msgs6Int32_ISaIvEEEEEvRKT_[_ZNK3ros9Publisher7publishIN8std_msgs6Int32_ISaIvEEEEEvRKT_]+0x420): undefined reference to `ros::console::setLogLocationLevel(ros::console::LogLocation*, ros::console::levels::Level)'
controller.cpp:(.text._ZNK3ros9Publisher7publishIN8std_msgs6Int32_ISaIvEEEEEvRKT_[_ZNK3ros9Publisher7publishIN8std_msgs6Int32_ISaIvEEEEEvRKT_]+0x42a): undefined reference to `ros::console::checkLogLocationEnabled(ros::console::LogLocation*)'
controller.cpp:(.text._ZNK3ros9Publisher7publishIN8std_msgs6Int32_ISaIvEEEEEvRKT_[_ZNK3ros9Publisher7publishIN8std_msgs6Int32_ISaIvEEEEEvRKT_]+0x484): undefined reference to `ros::console::print(ros::console::FilterBase*, void*, ros::console::levels::Level, char const*, int, char const*, char const*, ...)'
controller.cpp:(.text._ZNK3ros9Publisher7publishIN8std_msgs6Int32_ISaIvEEEEEvRKT_[_ZNK3ros9Publisher7publishIN8std_msgs6Int32_ISaIvEEEEEvRKT_]+0x48f): undefined reference to `ros::console::g_initialized'
controller.cpp:(.text._ZNK3ros9Publisher7publishIN8std_msgs6Int32_ISaIvEEEEEvRKT_[_ZNK3ros9Publisher7publishIN8std_msgs6Int32_ISaIvEEEEEvRKT_]+0x49f): undefined reference to `ros::console::initialize()'
controller.cpp:(.text._ZNK3ros9Publisher7publishIN8std_msgs6Int32_ISaIvEEEEEvRKT_[_ZNK3ros9Publisher7publishIN8std_msgs6Int32_ISaIvEEEEEvRKT_]+0x4ee): undefined reference to `ros::console::initializeLogLocation(ros::console::LogLocation*, std::__cxx11::basic_string<char, std::char_traits<char>, std::allocator<char> > const&, ros::console::levels::Level)'
controller.cpp:(.text._ZNK3ros9Publisher7publishIN8std_msgs6Int32_ISaIvEEEEEvRKT_[_ZNK3ros9Publisher7publishIN8std_msgs6Int32_ISaIvEEEEEvRKT_]+0x52c): undefined reference to `ros::console::setLogLocationLevel(ros::console::LogLocation*, ros::console::levels::Level)'
controller.cpp:(.text._ZNK3ros9Publisher7publishIN8std_msgs6Int32_ISaIvEEEEEvRKT_[_ZNK3ros9Publisher7publishIN8std_msgs6Int32_ISaIvEEEEEvRKT_]+0x536): undefined reference to `ros::console::checkLogLocationEnabled(ros::console::LogLocation*)'
controller.cpp:(.text._ZNK3ros9Publisher7publishIN8std_msgs6Int32_ISaIvEEEEEvRKT_[_ZNK3ros9Publisher7publishIN8std_msgs6Int32_ISaIvEEEEEvRKT_]+0x59f): undefined reference to `ros::console::print(ros::console::FilterBase*, void*, ros::console::levels::Level, char const*, int, char const*, char const*, ...)'
controller.cpp:(.text._ZNK3ros9Publisher7publishIN8std_msgs6Int32_ISaIvEEEEEvRKT_[_ZNK3ros9Publisher7publishIN8std_msgs6Int32_ISaIvEEEEEvRKT_]+0x5aa): undefined reference to `ros::console::g_initialized'
controller.cpp:(.text._ZNK3ros9Publisher7publishIN8std_msgs6Int32_ISaIvEEEEEvRKT_[_ZNK3ros9Publisher7publishIN8std_msgs6Int32_ISaIvEEEEEvRKT_]+0x5ba): undefined reference to `ros::console::initialize()'
controller.cpp:(.text._ZNK3ros9Publisher7publishIN8std_msgs6Int32_ISaIvEEEEEvRKT_[_ZNK3ros9Publisher7publishIN8std_msgs6Int32_ISaIvEEEEEvRKT_]+0x609): undefined reference to `ros::console::initializeLogLocation(ros::console::LogLocation*, std::__cxx11::basic_string<char, std::char_traits<char>, std::allocator<char> > const&, ros::console::levels::Level)'
controller.cpp:(.text._ZNK3ros9Publisher7publishIN8std_msgs6Int32_ISaIvEEEEEvRKT_[_ZNK3ros9Publisher7publishIN8std_msgs6Int32_ISaIvEEEEEvRKT_]+0x647): undefined reference to `ros::console::setLogLocationLevel(ros::console::LogLocation*, ros::console::levels::Level)'
controller.cpp:(.text._ZNK3ros9Publisher7publishIN8std_msgs6Int32_ISaIvEEEEEvRKT_[_ZNK3ros9Publisher7publishIN8std_msgs6Int32_ISaIvEEEEEvRKT_]+0x651): undefined reference to `ros::console::checkLogLocationEnabled(ros::console::LogLocation*)'
controller.cpp:(.text._ZNK3ros9Publisher7publishIN8std_msgs6Int32_ISaIvEEEEEvRKT_[_ZNK3ros9Publisher7publishIN8std_msgs6Int32_ISaIvEEEEEvRKT_]+0x6a3): undefined reference to `ros::console::print(ros::console::FilterBase*, void*, ros::console::levels::Level, char const*, int, char const*, char const*, ...)'
controller.cpp:(.text._ZNK3ros9Publisher7publishIN8std_msgs6Int32_ISaIvEEEEEvRKT_[_ZNK3ros9Publisher7publishIN8std_msgs6Int32_ISaIvEEEEEvRKT_]+0x7b7): undefined reference to `ros::console::g_initialized'
controller.cpp:(.text._ZNK3ros9Publisher7publishIN8std_msgs6Int32_ISaIvEEEEEvRKT_[_ZNK3ros9Publisher7publishIN8std_msgs6Int32_ISaIvEEEEEvRKT_]+0x7c7): undefined reference to `ros::console::initialize()'
controller.cpp:(.text._ZNK3ros9Publisher7publishIN8std_msgs6Int32_ISaIvEEEEEvRKT_[_ZNK3ros9Publisher7publishIN8std_msgs6Int32_ISaIvEEEEEvRKT_]+0x816): undefined reference to `ros::console::initializeLogLocation(ros::console::LogLocation*, std::__cxx11::basic_string<char, std::char_traits<char>, std::allocator<char> > const&, ros::console::levels::Level)'
controller.cpp:(.text._ZNK3ros9Publisher7publishIN8std_msgs6Int32_ISaIvEEEEEvRKT_[_ZNK3ros9Publisher7publishIN8std_msgs6Int32_ISaIvEEEEEvRKT_]+0x854): undefined reference to `ros::console::setLogLocationLevel(ros::console::LogLocation*, ros::console::levels::Level)'
controller.cpp:(.text._ZNK3ros9Publisher7publishIN8std_msgs6Int32_ISaIvEEEEEvRKT_[_ZNK3ros9Publisher7publishIN8std_msgs6Int32_ISaIvEEEEEvRKT_]+0x85e): undefined reference to `ros::console::checkLogLocationEnabled(ros::console::LogLocation*)'
controller.cpp:(.text._ZNK3ros9Publisher7publishIN8std_msgs6Int32_ISaIvEEEEEvRKT_[_ZNK3ros9Publisher7publishIN8std_msgs6Int32_ISaIvEEEEEvRKT_]+0x8b8): undefined reference to `ros::console::print(ros::console::FilterBase*, void*, ros::console::levels::Level, char const*, int, char const*, char const*, ...)'
controller.cpp:(.text._ZNK3ros9Publisher7publishIN8std_msgs6Int32_ISaIvEEEEEvRKT_[_ZNK3ros9Publisher7publishIN8std_msgs6Int32_ISaIvEEEEEvRKT_]+0x8c3): undefined reference to `ros::console::g_initialized'
controller.cpp:(.text._ZNK3ros9Publisher7publishIN8std_msgs6Int32_ISaIvEEEEEvRKT_[_ZNK3ros9Publisher7publishIN8std_msgs6Int32_ISaIvEEEEEvRKT_]+0x8d3): undefined reference to `ros::console::initialize()'
controller.cpp:(.text._ZNK3ros9Publisher7publishIN8std_msgs6Int32_ISaIvEEEEEvRKT_[_ZNK3ros9Publisher7publishIN8std_msgs6Int32_ISaIvEEEEEvRKT_]+0x922): undefined reference to `ros::console::initializeLogLocation(ros::console::LogLocation*, std::__cxx11::basic_string<char, std::char_traits<char>, std::allocator<char> > const&, ros::console::levels::Level)'
controller.cpp:(.text._ZNK3ros9Publisher7publishIN8std_msgs6Int32_ISaIvEEEEEvRKT_[_ZNK3ros9Publisher7publishIN8std_msgs6Int32_ISaIvEEEEEvRKT_]+0x960): undefined reference to `ros::console::setLogLocationLevel(ros::console::LogLocation*, ros::console::levels::Level)'
controller.cpp:(.text._ZNK3ros9Publisher7publishIN8std_msgs6Int32_ISaIvEEEEEvRKT_[_ZNK3ros9Publisher7publishIN8std_msgs6Int32_ISaIvEEEEEvRKT_]+0x96a): undefined reference to `ros::console::checkLogLocationEnabled(ros::console::LogLocation*)'
controller.cpp:(.text._ZNK3ros9Publisher7publishIN8std_msgs6Int32_ISaIvEEEEEvRKT_[_ZNK3ros9Publisher7publishIN8std_msgs6Int32_ISaIvEEEEEvRKT_]+0xa26): undefined reference to `ros::console::print(ros::console::FilterBase*, void*, ros::console::levels::Level, char const*, int, char const*, char const*, ...)'
controller.cpp:(.text._ZNK3ros9Publisher7publishIN8std_msgs6Int32_ISaIvEEEEEvRKT_[_ZNK3ros9Publisher7publishIN8std_msgs6Int32_ISaIvEEEEEvRKT_]+0xa31): undefined reference to `ros::console::g_initialized'
controller.cpp:(.text._ZNK3ros9Publisher7publishIN8std_msgs6Int32_ISaIvEEEEEvRKT_[_ZNK3ros9Publisher7publishIN8std_msgs6Int32_ISaIvEEEEEvRKT_]+0xa41): undefined reference to `ros::console::initialize()'
controller.cpp:(.text._ZNK3ros9Publisher7publishIN8std_msgs6Int32_ISaIvEEEEEvRKT_[_ZNK3ros9Publisher7publishIN8std_msgs6Int32_ISaIvEEEEEvRKT_]+0xa90): undefined reference to `ros::console::initializeLogLocation(ros::console::LogLocation*, std::__cxx11::basic_string<char, std::char_traits<char>, std::allocator<char> > const&, ros::console::levels::Level)'
controller.cpp:(.text._ZNK3ros9Publisher7publishIN8std_msgs6Int32_ISaIvEEEEEvRKT_[_ZNK3ros9Publisher7publishIN8std_msgs6Int32_ISaIvEEEEEvRKT_]+0xace): undefined reference to `ros::console::setLogLocationLevel(ros::console::LogLocation*, ros::console::levels::Level)'
controller.cpp:(.text._ZNK3ros9Publisher7publishIN8std_msgs6Int32_ISaIvEEEEEvRKT_[_ZNK3ros9Publisher7publishIN8std_msgs6Int32_ISaIvEEEEEvRKT_]+0xad8): undefined reference to `ros::console::checkLogLocationEnabled(ros::console::LogLocation*)'
controller.cpp:(.text._ZNK3ros9Publisher7publishIN8std_msgs6Int32_ISaIvEEEEEvRKT_[_ZNK3ros9Publisher7publishIN8std_msgs6Int32_ISaIvEEEEEvRKT_]+0xb2a): undefined reference to `ros::console::print(ros::console::FilterBase*, void*, ros::console::levels::Level, char const*, int, char const*, char const*, ...)'
controller.cpp:(.text._ZNK3ros9Publisher7publishIN8std_msgs6Int32_ISaIvEEEEEvRKT_[_ZNK3ros9Publisher7publishIN8std_msgs6Int32_ISaIvEEEEEvRKT_]+0xbfc): undefined reference to `ros::Publisher::publish(boost::function<ros::SerializedMessage ()> const&, ros::SerializedMessage&) const'
CMakeFiles/controller.dir/src/controller.cpp.o: In function `void ros::serialization::Serializer<unsigned int>::write<ros::serialization::OStream>(ros::serialization::OStream&, unsigned int)':
controller.cpp:(.text._ZN3ros13serialization10SerializerIjE5writeINS0_7OStreamEEEvRT_j[_ZN3ros13serialization10SerializerIjE5writeINS0_7OStreamEEEvRT_j]+0x53): undefined reference to `ros::serialization::throwStreamOverrun()'
CMakeFiles/controller.dir/src/controller.cpp.o: In function `void ros::serialization::Serializer<int>::write<ros::serialization::OStream>(ros::serialization::OStream&, int)':
controller.cpp:(.text._ZN3ros13serialization10SerializerIiE5writeINS0_7OStreamEEEvRT_i[_ZN3ros13serialization10SerializerIiE5writeINS0_7OStreamEEEvRT_i]+0x53): undefined reference to `ros::serialization::throwStreamOverrun()'
CMakeFiles/controller.dir/src/controller.cpp.o: In function `ros::SubscriptionCallbackHelperT<boost::shared_ptr<std_msgs::Int32_<std::allocator<void> > const> const&, void>::deserialize(ros::SubscriptionCallbackHelperDeserializeParams const&)':
controller.cpp:(.text._ZN3ros27SubscriptionCallbackHelperTIRKN5boost10shared_ptrIKN8std_msgs6Int32_ISaIvEEEEEvE11deserializeERKNS_43SubscriptionCallbackHelperDeserializeParamsE[_ZN3ros27SubscriptionCallbackHelperTIRKN5boost10shared_ptrIKN8std_msgs6Int32_ISaIvEEEEEvE11deserializeERKNS_43SubscriptionCallbackHelperDeserializeParamsE]+0x61): undefined reference to `ros::console::g_initialized'
controller.cpp:(.text._ZN3ros27SubscriptionCallbackHelperTIRKN5boost10shared_ptrIKN8std_msgs6Int32_ISaIvEEEEEvE11deserializeERKNS_43SubscriptionCallbackHelperDeserializeParamsE[_ZN3ros27SubscriptionCallbackHelperTIRKN5boost10shared_ptrIKN8std_msgs6Int32_ISaIvEEEEEvE11deserializeERKNS_43SubscriptionCallbackHelperDeserializeParamsE]+0x71): undefined reference to `ros::console::initialize()'
controller.cpp:(.text._ZN3ros27SubscriptionCallbackHelperTIRKN5boost10shared_ptrIKN8std_msgs6Int32_ISaIvEEEEEvE11deserializeERKNS_43SubscriptionCallbackHelperDeserializeParamsE[_ZN3ros27SubscriptionCallbackHelperTIRKN5boost10shared_ptrIKN8std_msgs6Int32_ISaIvEEEEEvE11deserializeERKNS_43SubscriptionCallbackHelperDeserializeParamsE]+0xba): undefined reference to `ros::console::initializeLogLocation(ros::console::LogLocation*, std::__cxx11::basic_string<char, std::char_traits<char>, std::allocator<char> > const&, ros::console::levels::Level)'
controller.cpp:(.text._ZN3ros27SubscriptionCallbackHelperTIRKN5boost10shared_ptrIKN8std_msgs6Int32_ISaIvEEEEEvE11deserializeERKNS_43SubscriptionCallbackHelperDeserializeParamsE[_ZN3ros27SubscriptionCallbackHelperTIRKN5boost10shared_ptrIKN8std_msgs6Int32_ISaIvEEEEEvE11deserializeERKNS_43SubscriptionCallbackHelperDeserializeParamsE]+0xf4): undefined reference to `ros::console::setLogLocationLevel(ros::console::LogLocation*, ros::console::levels::Level)'
controller.cpp:(.text._ZN3ros27SubscriptionCallbackHelperTIRKN5boost10shared_ptrIKN8std_msgs6Int32_ISaIvEEEEEvE11deserializeERKNS_43SubscriptionCallbackHelperDeserializeParamsE[_ZN3ros27SubscriptionCallbackHelperTIRKN5boost10shared_ptrIKN8std_msgs6Int32_ISaIvEEEEEvE11deserializeERKNS_43SubscriptionCallbackHelperDeserializeParamsE]+0xfe): undefined reference to `ros::console::checkLogLocationEnabled(ros::console::LogLocation*)'
controller.cpp:(.text._ZN3ros27SubscriptionCallbackHelperTIRKN5boost10shared_ptrIKN8std_msgs6Int32_ISaIvEEEEEvE11deserializeERKNS_43SubscriptionCallbackHelperDeserializeParamsE[_ZN3ros27SubscriptionCallbackHelperTIRKN5boost10shared_ptrIKN8std_msgs6Int32_ISaIvEEEEEvE11deserializeERKNS_43SubscriptionCallbackHelperDeserializeParamsE]+0x175): undefined reference to `ros::console::print(ros::console::FilterBase*, void*, ros::console::levels::Level, char const*, int, char const*, char const*, ...)'
CMakeFiles/controller.dir/src/controller.cpp.o: In function `void ros::serialization::Serializer<int>::read<ros::serialization::IStream>(ros::serialization::IStream&, int&)':
controller.cpp:(.text._ZN3ros13serialization10SerializerIiE4readINS0_7IStreamEEEvRT_Ri[_ZN3ros13serialization10SerializerIiE4readINS0_7IStreamEEEvRT_Ri]+0x54): undefined reference to `ros::serialization::throwStreamOverrun()'
collect2: error: ld returned 1 exit status
make[2]: *** [/home/lara/catkin_ws/devel/.private/test/lib/test/controller] Error 1
make[1]: *** [CMakeFiles/controller.dir/all] Error 2
make[1]: *** Waiting for unfinished jobs....
[01m[K/home/lara/catkin_ws/src/test/src/listener.cpp:[m[K In function ‘[01m[Kint main(int, char**)[m[K’:
[01m[K/home/lara/catkin_ws/src/test/src/listener.cpp:76:6:[m[K [01;31m[Kerror: [m[K‘[01m[Kcount[m[K’ was not declared in this scope
    ++count;
[01;32m[K      ^[m[K
[01m[K/home/lara/catkin_ws/src/test/src/listener.cpp:76:6:[m[K [01;36m[Knote: [m[Ksuggested alternative:
In file included from [01m[K/usr/include/c++/5/algorithm:62:0[m[K,
                 from [01m[K/usr/include/boost/math/tools/config.hpp:17[m[K,
                 from [01m[K/usr/include/boost/math/special_functions/round.hpp:13[m[K,
                 from [01m[K/opt/ros/kinetic/include/ros/time.h:58[m[K,
                 from [01m[K/opt/ros/kinetic/include/ros/ros.h:38[m[K,
                 from [01m[K/home/lara/catkin_ws/src/test/src/listener.cpp:1[m[K:
[01m[K/usr/include/c++/5/bits/stl_algo.h:3959:5:[m[K [01;36m[Knote: [m[K  ‘[01m[Kstd::count[m[K’
     count(_InputIterator __first, _InputIterator __last, const _Tp& __value)
[01;32m[K     ^[m[K
make[2]: *** [CMakeFiles/listener.dir/src/listener.cpp.o] Error 1
make[1]: *** [CMakeFiles/listener.dir/all] Error 2
make: *** [all] Error 2
